// Jest Snapshot v1, https://goo.gl/fbAQLP

exports[`Input component Should match snapshot 1`] = `
<div
  className="Input__container"
>
  <input
    aria-label="Search places"
    className="Input__text"
    placeholder="Search places"
    type="text"
  />
  <button
    className="Input__clear-button"
    onClick={[Function]}
  >
    Clear Input
  </button>
</div>
`;
